// Jest Snapshot v1, https://goo.gl/fbAQLP

exports[`Index page Renders a logout button 1`] = `
<WithStyles(ForwardRef(Container))>
  <Container
    iri="https://mypod.myhost.com"
  />
</WithStyles(ForwardRef(Container))>
`;
