// Jest Snapshot v1, https://goo.gl/fbAQLP

exports[`Pod list Renders a container if there is one pod iri 1`] = `
<Container
  iri="https://mypod.myhost.com"
/>
`;

exports[`Pod list Renders a table if there are multiple pod iris 1`] = `
<WithStyles(ForwardRef(Table))>
  <WithStyles(ForwardRef(TableHead))>
    <WithStyles(ForwardRef(TableRow))>
      <WithStyles(ForwardRef(TableCell))>
        Pod IRI
      </WithStyles(ForwardRef(TableCell))>
    </WithStyles(ForwardRef(TableRow))>
  </WithStyles(ForwardRef(TableHead))>
  <WithStyles(ForwardRef(TableBody))>
    <WithStyles(ForwardRef(TableRow))
      key="https://mypod.myhost.com"
    >
      <WithStyles(ForwardRef(TableCell))>
        <a
          href="/resource/https://mypod.myhost.com"
        >
          https://mypod.myhost.com
        </a>
      </WithStyles(ForwardRef(TableCell))>
    </WithStyles(ForwardRef(TableRow))>
    <WithStyles(ForwardRef(TableRow))
      key="https://myotherpod.myotherhost.com"
    >
      <WithStyles(ForwardRef(TableCell))>
        <a
          href="/resource/https://myotherpod.myotherhost.com"
        >
          https://myotherpod.myotherhost.com
        </a>
      </WithStyles(ForwardRef(TableCell))>
    </WithStyles(ForwardRef(TableRow))>
  </WithStyles(ForwardRef(TableBody))>
</WithStyles(ForwardRef(Table))>
`;

exports[`Pod list Renders null if there are no pod iris 1`] = `""`;
