// Jest Snapshot v1, https://goo.gl/fbAQLP

exports[`Container view Renders a container view 1`] = `<Spinner />`;

exports[`Container view Renders a table with data 1`] = `
<Fragment>
  <WithStyles(ForwardRef(Table))>
    <WithStyles(ForwardRef(TableHead))>
      <WithStyles(ForwardRef(TableRow))>
        <WithStyles(ForwardRef(TableCell))>
          File
        </WithStyles(ForwardRef(TableCell))>
        <WithStyles(ForwardRef(TableCell))>
          Type
        </WithStyles(ForwardRef(TableCell))>
        <WithStyles(ForwardRef(TableCell))>
          My Access
        </WithStyles(ForwardRef(TableCell))>
        <WithStyles(ForwardRef(TableCell))>
          Modified
        </WithStyles(ForwardRef(TableCell))>
      </WithStyles(ForwardRef(TableRow))>
    </WithStyles(ForwardRef(TableHead))>
    <WithStyles(ForwardRef(TableBody))>
      <WithStyles(ForwardRef(TableRow))
        key="https://myaccount.mypodserver.com/inbox"
      >
        <WithStyles(ForwardRef(TableCell))>
          <a
            href="/resource/https%3A%2F%2Fmyaccount.mypodserver.com%2Finbox"
          >
            https://myaccount.mypodserver.com/inbox
          </a>
        </WithStyles(ForwardRef(TableCell))>
        <WithStyles(ForwardRef(TableCell))>
          Folder
        </WithStyles(ForwardRef(TableCell))>
        <WithStyles(ForwardRef(TableCell))>
          Full
        </WithStyles(ForwardRef(TableCell))>
        <WithStyles(ForwardRef(TableCell))>
          Today :)
        </WithStyles(ForwardRef(TableCell))>
      </WithStyles(ForwardRef(TableRow))>
      <WithStyles(ForwardRef(TableRow))
        key="https://myaccount.mypodserver.com/private"
      >
        <WithStyles(ForwardRef(TableCell))>
          <a
            href="/resource/https%3A%2F%2Fmyaccount.mypodserver.com%2Fprivate"
          >
            https://myaccount.mypodserver.com/private
          </a>
        </WithStyles(ForwardRef(TableCell))>
        <WithStyles(ForwardRef(TableCell))>
          Folder
        </WithStyles(ForwardRef(TableCell))>
        <WithStyles(ForwardRef(TableCell))>
          Full
        </WithStyles(ForwardRef(TableCell))>
        <WithStyles(ForwardRef(TableCell))>
          Today :)
        </WithStyles(ForwardRef(TableCell))>
      </WithStyles(ForwardRef(TableRow))>
      <WithStyles(ForwardRef(TableRow))
        key="https://myaccount.mypodserver.com/note.txt"
      >
        <WithStyles(ForwardRef(TableCell))>
          <a
            href="/resource/https%3A%2F%2Fmyaccount.mypodserver.com%2Fnote.txt"
          >
            https://myaccount.mypodserver.com/note.txt
          </a>
        </WithStyles(ForwardRef(TableCell))>
        <WithStyles(ForwardRef(TableCell))>
          Folder
        </WithStyles(ForwardRef(TableCell))>
        <WithStyles(ForwardRef(TableCell))>
          Full
        </WithStyles(ForwardRef(TableCell))>
        <WithStyles(ForwardRef(TableCell))>
          Today :)
        </WithStyles(ForwardRef(TableCell))>
      </WithStyles(ForwardRef(TableRow))>
    </WithStyles(ForwardRef(TableBody))>
  </WithStyles(ForwardRef(Table))>
</Fragment>
`;
